Background:

    This is a new list of MEX overlays in quite awhile.  Although the
filename (MEXOVL10.LST) follows Ron Fowler's convention, this is an
unofficial release.  As such, it does not contain all the info that is
in previous official editions.  It does however list many more overlays.
I encourage anyone to add to this and perhaps it will even become
official.

     This list does not include every overlay currently in circulation,
only those that are thought to be the latest.

Sources for files:

Many remote systems have a number of these online.  The following
systems are known to have many of them.  MEXplus is available from
NiteOwl.

NiteOwl TurboBoard, subscription only. Call 1-800-NITE-OWL for more info.

Fort Fone File Folder (F^4) 414-563-9932

GEnie CP/M RoundTable


Revision History:

v10, 28 Nov 87, added new overlays    -Jim Lill
v09, 2 Aug  87, added info from F^4   -Jim Lill
v08, 6 July 87, added numerous        -Jim Lill
v07, 2 July 87, Created original      -Jim Lill

Key:

MXx-xxxx.ext
  - ---- ---
  |  |    |_____ Z80 = written in Z80, requires ZASM, ZAS, Z80ASM or equiv.
  |  |           ASM = written in 8080, requires ASM, MAC, SLRMAC or equiv.
  |  |           LBR = distributed in library
  |  |
  |  |___ See below
  |
  |____ O = original MEX overlays, usually port, some mixed and modem too
        H = MEXplus overlays, usable  with 1.14
        C = MEXplus clock overlays
        T = MEXplus terminal overlays


MXC-ADS1.Z80  Apple w/DS1216E "NoSlot Clock"
MXC-CW00.ASM  Computime ComputerWatch
MXC-DG1 .ASM  D*G Heartbeat
MXC-DS10.Z80  DateStamper
MXC-KC10.ASM  Kaypro Kenmore Ztime-I
MXC-KPRO.ASM  Kaypro with any NM58167A clock accessed via PIO
MXC-LG10.ASM  Kaypro/Legacy
MXC-MC10.ASM  Apple/Mountain CPS
MXC-OS11.ASM  Osborne-1
MXC-PM3 .ASM  CP/M+
MXC-QT  .ASM  QT Clock
MXC-SS1 .ASM  CompuPro SS1
MXC-TU10.ASM  TurboDOS
MXH-AL11.ASM  Altos 580, COMM3
MXH-AM11.ASM  Ampro Little Board
MXH-AP30.ASM  Apple Super Serial card
MXH-AP55.ASM  Applicard SSC w/Ring Buffer
MXH-AP61.ASM  Apple w/Softcard & SSC
MXH-C300.ASM  CP/M+ (alternate)
MXH-CC18.ASM  Columbia Commander (Shoebox)
MXH-CPM3.ASM  CPM Plus
MXH-DEC .ASM  Rainbow & DECmate
MXH-DELT.ASM  Delta Products CPU
MXH-EG-2.ASM  Eagle IIE (port)
MXH-EP14.Z80  Epson QX-10
MXH-GB17.ASM  CompuPro Interfacer 3 & 4
MXH-H813.ASM  Heath H89
MXH-HM11.ASM  Hayes Micromodem-100
MXH-I4  .ASM  CompuPro Interfacer 4
MXH-KG11.ASM  Kaypro external modem
MXH-KP53.ASM  Kaypro
MXH-MC10.ASM  Magic
MXH-MD20.ASM  Morrow Micro Decision
MXH-MI11.ASM  PMC Micromate 101
MXH-NA13.ASM  NorthStar Advantage
MXH-OA13.ASM  Otrona
MXH-OEX .ASM   Osborne Executive MEXplus overlay
MXH-OX12.ASM  Osborne Executive
MXH-PD13.ASM  Intel iPDS-100
MXH-PR10.ASM  Prodigy
MXH-RS13.ASM  TRS80 mod-4
MXH-SO10.ASM  Sony SM-70
MXH-SY10.ASM  Sanyo MBC-1000
MXH-TD40.ASM  TurboDOS (alternate)
MXH-US10.ASM  USR S-100
MXH-VG4 .ASM  Vector 4
MXH-VI11.ASM  Visual 1050
MXH-VT  .ASM  VT180/Robin
MXH-VT36.ASM  DEC Micro VT180
MXH-XE13.ASM  Xerox 820 & 820-II
MXH-ZB10.ASM  Telcon Zorba
MXHFZ12T.Z80  CDOS, TDL SMB IO
MXHGBIO1.ASM  CompuPro Interfacer 1/2
MXM-2416.ASM  MEX 2400 bps auto fallback
MXM-ADAM.LBR  Coleco ADAM
MXM-C128.ASM  Commodore C-128
MXM-CD10.ASM  Concord Data Sys 224AD
MXM-CM11.ASM  Cermetek/Infomate 212a
MXM-CQ11.ASM  Concord Data sys 224
MXM-EG-2.ASM  Eagle IIE (modem)
MXM-MM3 .ASM  Apple2 SS/Nov JCAT
MXM-NE10.ASM  NEC N202BR-L1 modem
MXM-PP10.ASM  Prometheus ProModem
MXM-RT11.ASM  RV 3451 autodial modem
MXM-RV16.ASM  RV VA212 & 3451 modems
MXM-SC13.ASM  SwichCom Canadiana
MXM-SM15.ASM  Hayes SmartModem
MXM-SM16.ASM  Hayes SmartModem
MXM-UD10.ASM  UDS 212 A/D modem
MXM-US13.ASM  USRobotics S100 modem
MXM-USR2.ASM  U.S. Robotics 212A
MXMATR  .ASM  SWP ATR8000
MXMH-1  .ASM  Morrow Decision w/modem on aux port
MXO-AC01.ASM  ApplecCatII Softcard/ALS
MXO-AD13.ASM  Adv Digital Super-six
MXO-AL11.ASM  Altos 580
MXO-AM11.ASM  Ampro Little Board
MXO-AP12.ASM  Apple 2 various serial
MXO-AP23.ASM  Apple w/Softcard or ALS (inc. CP/M+ version) and J-Cat
MXO-AP30.ASM  Apple2 ,2+, 2E w/var serial
MXO-AP34.ASM  Apple2 PCPI and CPS
MXO-AP50.ASM  Apple2 PCPI SSC
MXO-AP60.ASM  Apple2 PCPI, Softcard, various serial
MXO-APCC.ASM  Apple2 CCS7710
MXO-AS10.ASM  Alspa ACI-1
MXO-AT01.ASM  SWP ATR8000
MXO-AX11.ASM  Actrix computer
MXO-BB11.ASM  Big Board I
MXO-BW13.ASM  Bondwell 2
MXO-BW17.ASM  Bondwell 12
MXO-C128.ASM  Commodore C-128
MXO-CT14.ASM  CTS Companion modem
MXO-CY10.ASM  Motel's Cypher 68K/Z80 SBC
MXO-CZ10.ASM  Int. Micro. CPZ-4800X
MXO-DB10.ASM  Dynabyte DB 8/1
MXO-DM10.ASM  Generic "dumb" modem
MXO-DM10.ASM  NCR DMV
MXO-DM20.ASM  NCR DecisionMate V
MXO-DP10.ASM  Datapoint 1560
MXO-DT10.ASM  Datec 212 modem
MXO-DV10.ASM  Davidge DSB-4/6 SBC
MXO-EP30.ASM  Epson QX-10
MXO-GB10.ASM  Interfacer 3 and 4
MXO-GB12.ASM  CompuPro I3/I4
MXO-H815.ASM  Heath/Zenith H89
MXO-HD11.Z80  Hitachi HD64180
MXO-HU11.ASM  HZ-100/USR S-100
MXO-HZ20.ASM  Heath/Zenith Z100
MXO-HZCM.ASM  Heath ASCII & BAUDOT (TDD)
MXO-I510.ASM  SSM IO-5 Board
MXO-IF10.ASM  Informer Computers
MXO-II13.ASM  Intersystems VIO
MXO-IM11.ASM  Cermatek Info-mate modem
MXO-IN13.ASM  Intel 8251
MXO-K484.ASM  Kaypro 4/84 int modem
MXO-KP50.ASM  Kaypro int/ext modem
MXO-KPD1.ASM  Kaypro with 2 serial ports (4-84,10,2x)
MXO-KPS4.ASM  Kaypro + smartmodem only
MXO-KPU2.ASM  Kaypro + US Robotics Courier
MXO-LB22.ASM  AMPRO Series 100
MXO-LB3 .ASM  AMPRO Little Board
MXO-LO15.ASM  Lobo Max-80
MXO-MC10.ASM  Magic Computer PC-88
MXO-MD11.ASM  Morrow Micro Decision
MXO-MD20.ASM  Morrow MD-3A
MXO-MD30.ASM  Micro Decision 3.0
MXO-MG10.ASM  Mega Z80 SBC
MXO-MI11.LBR  PMC Micromate
MXO-MM10.ASM  Morrow Multi I/O board
MXO-MO10.LBR  MicroMint SB180 MOSRT
MXO-MR11.ASM  Morrow Micro Decision
MXO-MW10.ASM  Racal-Vadic MAXWELL
MXO-N815.ASM  NEC PC-8801
MXO-NA1 .ASM   20   377  01/06/86   10  MEX overlay - NorthStar Advantage
MXO-NA12.ASM  North Advantage
MXO-NE11.ASM  NEC PC-8001A
MXO-NE88.ASM  NEC PC-8001A
MXO-NS11.ASM  NorthStar Horizon
MXO-OA11.ASM  Otrona Attache
MXO-OA1X.ASM  Otrona Attache
MXO-OC10.ASM  Osborne COMM-PAC modem
MXO-ON2 .LBR  ON! computers
MXO-OS22.ASM  Osborne-1 serial
MXO-OSEX.ASM  Osborne Executive
MXO-OX42.ASM  Osborne Executive
MXO-PM22.ASM  PMMI S-100 modem
MXO-PP10.ASM  Pied Piper
MXO-PR10.ASM  Penril AD Rixon
MXO-PX8 .ASM  Epson PX-8
MXO-QX10.ASM  Epson QX-10
MXO-R+10.ASM  Tandy Model 4 with CP/M+
MXO-R211.ASM  Tandy TRS-80 Model 2
MXO-R213.ASM  TRS-80 Model II
MXO-RP10.ASM  Tandy TRS-80 Model 4
MXO-RS21.ASM  Radio Shack Model 4
MXO-RS32.ASM  Interrupt Driven TRS80
MXO-RS4P.LBR  TRS-80 4p
MXO-RT10.ASM  Racal-Vadic VA3451 w/auto dial
MXO-RV12.ASM  Racal-Vadic VA212 and VA3451 modems
MXO-S511.ASM  SSM IO-5 board
MXO-SB12.ASM  Intertec Superbrain
MXO-SBS4.Z80  Micromint SB180
MXO-SC10.ASM  Novation SmartCat
MXO-SD10.ASM  Sierra Data SBC-100
MXO-SM13.ASM  Hayes/Hayes compatible
MXO-SM14.ASM  Hayes/Hayes compatible (alt)
MXO-SM16.ASM  Hayes/Hayes compatible (alt)
MXO-SMC .ASM  Sony SMC-70
MXO-SN10.ASM  Sanyo MBC-1200/1250
MXO-SP2 .ASM  Spectravideo SV
MXO-SS10.ASM  Advanced Digital Super-6
MXO-ST  .LBR  Atari ST
MXO-SV10.ASM  Servo-8
MXO-SX10.ASM  Starplex Natl Semi
MXO-SY21.ASM  Sanyo MBC-1000
MXO-TD30.ASM  TurboDos comms chnls
MXO-TSA1.ASM  Toshiba T100
MXO-TV13.ASM  TeleVideo TS-802
MXO-TV84.ASM  TeleVideo TS-804
MXO-UD10.ASM  UDS 212 Modem
MXO-UR13.ASM  USRobotics S-100 modem
MXO-US11.ASM  US Robotics S-100 modems
MXO-VP10.ASM  Ventel MD212-Plus
MXO-VT11.ASM  DEC VT-180
MXO-VTL1.ASM  Ventel/Osborne Attache
MXO-XE12.ASM  Xerox 820/820-II
MXO-XE2U.ASM  Xerox 820-II
MXO-XE35.ASM  Xerox 820-1/820-II
MXO-Z321.ASM  OSM Zeus 3
MXO-ZB11.ASM  Zorba
MXT-955 .ASM  Televideo 955
MXT-AP31.ASM  Apple ][ and //e
MXT-E2  .ASM  Eagle IIE (terminal)
