                                                PCPIMP.LST
                                                Rev: Apr 9, 1987

DATA FILE FOR USE WITH PCPIMP.COM
=================================
(Rename to PCPIMP.DAT before using this file with PCPIMP.COM)

1. AREA CODES AND CITIES SERVED BY PC PURSUIT
---------------------------------------------
     404 Atlanta, GA
     617 Boston, MA
     312 Chicago, IL
     216 Cleveland, OH
     214 Dallas, TX
     303 Denver, CO
     313 Detroit, MI
     818 Glendale, CA
     713 Houston, TX
     213 Los Angeles, CA
     305 Miami, FL
     414 Milwaukee, WI
     612 Minneapolis, MN
     212 New York, NY
     201 Newark, NJ
     215 Philadelphia, PA
     602 Phoenix, AZ
     503 Portland, OR
     919 Research Triangle Park, NC
     801 Salt Lake City, UT
     415 San Francisco, CA
     408 San Jose, CA
     206 Seattle, WA
     813 Tampa, FL
     202 Washington, DC

2.TELEPHONE NUMBER LIBRARY LIST
-------------------------------
NOTE: Explanation of tag symbols -
      *  The number is also included on Irv Hoff's PDFT list.
      $  Indicates that fees are required for full privileges.
      +  There may be special user or membership restrictions.
      ?  There's some question regarding the validity of the listing.

     ATLANTA, GA
     404 923-2580  Atlanta Kaypro RCP/M...Joubert Berger
     404 627-7127  Atlanta RCP/M...Jim Altman 
     404 449-6588  CP/M Exchange RCP/M...Bob Blum 
     404 288-6858 *Decibel RCP/M...Tom Brady
     404 949-0687 +LARC...George Carrier
     404 921-1116 *Norcross RCP/M...Jim Gooch
     404 446-6931 *Spectrum RCP/M...George Price 
     404 458-7298 +Xerox Svc Ctr RCP/M...Jimmie Taylor 

     BOSTON, MA
     617 776-1332  BOSKUG RCP/M... 
     617 786-9788  Boston Computer Society...
     617 861-9764  Byte-NET... 
     617 288-4667 +FOG RCP/M #29...John Kinsella 
     617 675-5979  NCC BBS II...
     617 965-7259 *Newton Ctr BigBoard...Jay Sage

     CHICAGO, IL
     312 560-7172 *AIMS...Mark Pulver
     312 690-3808 *Ampro4 RCP/M...Jim Mills 
     312 849-1132  CBBS...Ward Christensen 
     312 397-6888  Chicago Attache UG RCP/M...Donald Larson
     312 942-0706  Chicago Computer Society
     312 420-1722  Digitech Z-Node... 
     312 394-5772 *HI-RES Windy City...Roger Heath 
    312 649-1730 $*Lillipute Z-Node 1...Richard Jacobson
    312 664-1730 $*Lillipute Z-Node 2...Richard Jacobson
     312 495-0240  Midwest Micro... 
     312 841-3612  Orphanage RCP/M...Dennis Duffner
     312 359-8080 *Palatine RCP/M...Tim Cannon
     312 983-5147 *Sun Valley RTDS...Ken Stritzel 

     CLEVELAND, OH
     216 941-2488  Cleveland RCP/M...Peter Petto
     216 289-2660 *FLEET RCP/M...Mike Morrell & Ken Seman

     DALLAS, TX
    214 931-1834 $*Dallas RCP/M...Dave Crane 
     214 245-5253  DFW RCP/M...Nathan Stewart 
     214 681-4789 *Lost Island RCP/M...Dennis Recla 

     DENVER, CO
     303 465-1313 *CP/M SIG RCP/M...Al Lindquist 
     303 985-1108 *Lakewood RCP/M...Gary Shaffstall 
     303 698-1623 *Locksmith's Annex...Steve Ekwall & Laura Conlon
     303 722-6210 ?PSINET...William Tedder
     303 320-4822 *World Peace RCP/M...Fr.Alfred K. Carr 

     DETROIT, MI
     313 646-1565 *Birmingham MI RCP/M...Harold Blaisdell 
     313 823-1425  Epson Connection...Carolyn McCarthy 
     313 274-0527 *Heath Connection RCP/M...Brenton Curl 
     313 759-6569 *Royal Oak RCP/M...Keith Petersen & Bob Clyne
     313 846-6127 *Technical CBBS...Dave Hardy 
     313 885-0506 +Technical CBBS (RCP/M Clrnghse Sys for Sysops only?)

     GLENDALE, CA
     818 956-6164 *Glendale Littera RCP/M...Abel Iwaz
     818 360-5053  Granada Engineering Group RCP/M...Webber Hall
     818 799-1632 *Pasadena Z-Node 36...Dick Mead
     818 366-1238 *MOG-UR'S EMS...Tom Tcimpidis
     818 989-2216 *Van Nuys VictorLink...Jim Benanti & David Rensin

     HOUSTON, TX
     713 488-5619  Houston Bay Area RCP/M...John Riehl 
     713 937-8886 *Houston N/W Z-Node #45...Ken Reid 
     713 280-8711  NASA Activities

     LOS ANGELES, CA
     213 656-4192  Charlatan's Cabin...Michael Conley 
     213 861-3830 *Cretan's Computer Corner...Ralph F. H. Arvizu
     213 806-2226 *Downey Remote Program Exchange Center...Mark Motley
     213 541-2503 *G.F.R.N. Data Exchange...Skip Hansen
     213 204-0646  Int.Collectors Network...George Garvin & Harry Rosenfield
     213 670-9465 *Ladera Z-Node...Al Hawley
    213 653-6398 $*MBBS Headquarters...Kim Levitt 
     213 861-2313 *Northstar Downey...Brian Holmes
     213 532-3336  Oriental Express Z-Node...Steve Kitahata
     213 402-1514  Star...Richard Wilabee
     213 217-8919 *TD RCP/M...Tim Chiaretto 
     213 329-3922 *Time-=<X>=-Change...Dave Clifford
     213 320-9309 *Torrance RCP/M...Mitchell Mlinar 
     213 666-8588  Videoman RCP/M...Norman Strassner
     213 838-9229 *West Los Angeles RCP/M...Gary Inman

     MIAMI, FL
     305 235-1645  John Galt Line...Peter Glaskowski

     MILWAUKEE, WI


     MINNEAPOLIS, MN
     612 427-7774 *Anoka Technical...Phil Forseth
     612 824-7550  TRS/CPM...Kim Johnson

     NEW YORK, NY
     212 226-2394 *DOrsai Embassy...Charles Rawles 
     212 431-1944 *DOrsai Embassy...Charles Rawles
     212 431-1948 *DOrsai Embassy...Charles Rawls
    212 489-7370 +*FOG #15...Livingston Hinkley & Richard Holmes
     212 231-4616  New York Amateur Computer Club (NYACC)
     212 496-0391  New York Mgmt Services RCP/M...John Hoffman 
     212 989-2696  NY Micro-Connection RCP/M...Larry Clive 

     NEWARK, NJ
     201 753-9758 *ACG-NJ BBS #2...Kevin Tillbrook
     201 969-3544  ACG-NJ Natl Nwsltr Exchnge (BBS #3)...Fred Gohlke
     201 886-8041  Cliffside Park dBBS...Steve Leon
     201 798-0065 *Computer Connections RCP/M...Ed Mecka 
   201 942-2567 ?+*FOG #49...Pete Zuroff
     201 478-8447  Garfield RCP/M...Paul Zahorosky
     201 757-1491 *Holly Park RCP/M...Dick Roberts 

     PHILADELPHIA, PA
     215 887-1679 *Cheltenham RCP/M...Steve Weintraub
     215 623-4040 *Drexel Hill RCP/M...Bob Dean
     215 739-9512  Exclusive-80...Brian Driscoll & Bob Griggs
     215 356-0860 *Newtown Square RCP/M...Peter Essl
     215 000-0000 +Phila Area Computer Soc...Steve Weissman
     215 635-5227 +PACS IBM SIG...Karin Helstrom & Paul Begley
     215 640-9277  Sorbus...John Hill

     PHOENIX, AZ
     602 997-6663 *Bear Tracks RCP/M...Bernard Lambert
     602 968-0372 *Bear Tracks #2/Writer's Forum...Bernard Lambert/Randy Gable
     602 279-2762 *DOKTUR's Z-Node...Robert Gear
    602 247-2880 $*Lost Dutchman's Gold Mine RCP/M...Jim Gronek
     602 863-1435  Lost Dutchman's Gold Mine #2 RCP/M...Giles/Leatherwood/Nance

     PORTLAND, OR
     503 644-0900  Access Programming RCP/M...Terry Pinto
    503 643-9200 $*Beaverton, OR RCP/M...Dave Morgan
     503 644-4621 *Cedar Mill Z-Node #24...Ben Grey
     503 283-9677 *Rose City RCP/M...Dan Dimick & Mike Sweeney


     RESEARCH TRIANGLE PARK, NC
     919 383-6595  Pine Way Z-Node #23...Charles Boghosian

     SALT LAKE CITY, UT


     SAN FRANCISCO, CA
     415 845-2164  Berkley Mega-Monster...Tony Adams
     415 957-9370 *Computer Language...Hugh Byrne
     415 341-9336  CrosNest II...Wilbur H. Smith
     415 992-8542 *Daly City RCP/M...Gale Rhoades
    415 755-2030 +*FOG RCP/M  #1...
    415 692-1406 +?FOG RCP/M #31...Jim Switz
    415 285-2687 +*KAY*FOG RCP/M #11...Bond Shands
     415 572-8219 *KAY+FUN RCP/M...Ernest Hintz
     415 376-3632 *Moraga RCP/M...Jake Essl
     415 845-5558  Northstar RCP/M...Patrick Beard
     415 383-0473  RBBS of Marin County...Jim Ayers

     SAN FRANCISCO, CA (LOWER  PENINSULA AREA)
   408 415-948-2513 +$*PRACSA RCP/M...Irv Hoff
     408 415-949-1072 *Los Altos RCP/M...Kevin Murphy
     408 415-965-4097 *Mntn.View RCP/M...Byron McKay
   408 415-968-7396 ?+*FOG RCP/M #31...Jim Switz
     408 415-964-4356 *Dallas Connection...Russ Pencin
     408 415-948-xxxx *Z-Node Central...David McCord

     SAN JOSE, CA
     408 379-8086 *Atlas Micro Associates RCP/M...Bill Spoolhoff
     408 733-4670 *BASIS RCP/M...C.Walker/I.Hoff/N.Beeler/D.Cornwell/G.Aulich
     408 378-8733 $dBASE II RCP/M...Roger D. Brown
     408 253-1309 *Digikron Systems RCP/M (Z-Node #25)...Douglas Thom
     408 867-6575 *Eigenware RCP/M...Karl Remmler
     408 559-8843 *Micro-Research Remote Sys Grp...Mitch Orysh & James Apolis
     408 247-2853 *Santa Clara RCP/M...Jeff King
     408 354-5934 *Saratoga RCP/M...Chuck Metz & Irv Hoff
     408 238-9621 *SERVU...Al Mehr
     408 245-1420 *ZeeMachine Z-Node #35...Norman Beeler & Irv Hoff

     SEATTLE, WA
     206 882-3684 *Adam's RiBBS...Adam Koczarski 
     206 621-8665  Northwest Computer Society
    206 325-1325 $*Seattle's Downspout...Norm Gregory 
     206 329-2202  Tardis RCP/M...Bob Morgan 

     TAMPA, FL
     813 885-2850  Over Board RCP/M...Robin Miller
    813 831-7276 $*Tampa Z-Node...Charlie Hoffman

     WASHINGTON, DC
     202 689-3561 (VA) PCP Net Exchange...Cliff Cummings
     202 779-7986 (MD)*Summa Nulla Z-Node #43...John D'Ausilio
