            **************         ****************  
        ****                *******                   ***  
     ***                  ****                          ***  
  ***                  ***                               ***  
 ***                ***                                   *** 
 ***               ***                                   ***  
  ***              ***                                 ***  
     ***           ***                             ****     Artwork by
         *******    ****                       ****88**     Jim Hirst.
           ******************            *******8888 ***
       ***          **   **********************8888 ******  
     ***           **   ********888888 *******8888 ******8**  
    ***           **   ********888888 ******8888 *******8888** 
     ***         **  ********888888 ******8888 *******88888**  
 B      ***    **   ********888888 ******8888 *******88888**  
 u          ***    ********88888 *******8888 *******888 **  
 z                    ********* ******88888 **********  
 z                                ************  

      The BeeHive BeeBS - A Microbee and CP/M users Paradise!

               ------>  SYSOP: ALAN SANDERS  <------

      Location: Sydney, Australia.
      Phone (Data): +61-2-975-4982
      Baud Rates: 300, 1200, 1200/75 and 2400 Baud.
      Hours: 24 Hours, 7 Days a week. (Except when mail is processed).
      Fidonet Address: 3:714/406
      Postal Address: P.O. BOX 496
                      Forestville, Sydney, New South Wales
                      AUSTRALIA 2087

Front-end Mailer: Frondoor 2.02 (Non-commercial).
BBS Software: Remote Access 1.11+ (IEMSI allowed).

File Requests: Anyone can request, no limits (but don't abuse the privilage).
'Magic Names': FILES = BEEHIVE.ZIP (complete file listing).
               BOOTDISK = BOOTDISK.TXT (Listing of CP/M boot disks I have).
               MYZ80 = The latest version of Simeon Crans' complete
                       CP/M emulator package for the PC (286 and above).

   *** EMSI, FTSC001, FTSC006/ZEDZAP and YOOHOO requests supported. ***

-------------------------------------------------------------------------------
   Master List of NEW files in system on Thursday, January 27, 1994 at 21:03   
                                                                               
      This listing only contains the files that are less than 30 days old.     
-------------------------------------------------------------------------------

----------------------------------
   Text Files and File Catalogs   
----------------------------------

BEEHIVE.LST   123195 01-26-94  Listing of all Files on The BeeHive BBS.
BEEHIVE.ZIP    44150 01-26-94  Zipped list of all Files on The BeeHive BBS.
BEENEW.LST      8312 01-26-94  Listing of new files added to the BeeHive.
BEENEW.ZIP      2146 01-26-94  Zipped List of new files added to the BeeHive.
BOOTDISK.TXT    4254 01-26-94  Listing of CP/M system boot disks on the BeeHive
BOOTDISK.ZIP    1910 01-26-94  As above, but compressed with PKZIP.
ZNODE62.ARC     6528 01-16-94  Listing of files on Znode-62 RCP/M in Perth, WA.
BBS9401.LZH   288936 01-04-94  Australian BBS listings for January, 1994.

> Total of 8 NEW files (479431 bytes) in this area

----------------------------------------------------
   MYZ80 - Simeon Crans CP/M emulator for the PC.   
----------------------------------------------------

> No NEW files in this area

---------------------------------------------------
   Offline mail reader files for CP/M and MS-DOS   
---------------------------------------------------

> No NEW files in this area

-------------------------------
   New Uploads to the System   
-------------------------------

> No NEW files in this area

---------------------------
   CP/M MIDI music files   
---------------------------

> No NEW files in this area

---------------------
   CP/M Games area   
---------------------

> No NEW files in this area

-------------------
   CP/M utilitys   
-------------------

> No NEW files in this area

-------------------------
   CP/M Communications   
-------------------------

> No NEW files in this area

----------------------
   CP/M Programming   
----------------------

> No NEW files in this area

----------------------------
   CP/M FORTH Programming   
----------------------------

> No NEW files in this area

---------------------------------------
   CP/M file compression utilitities   
---------------------------------------

> No NEW files in this area

-----------------------------------
   CP/M BBS programs & utilities   
-----------------------------------

FOODO-V1.ARC  111616 01-02-94  The complete FOODO/PANCAKE Fidonet Mailer &
                               File Requesting

> Total of 1 NEW file (111616 bytes) in this area

-------------------------------
   Microworld BASIC programs   
-------------------------------

> No NEW files in this area

-------------------------------------------
   Miscellaneous Operating Systems Files   
-------------------------------------------

> No NEW files in this area

------------------------------------------------
   First Osborne User Group Volumes 96 to 137   
------------------------------------------------

> No NEW files in this area

---------------------------
   Teseract Disk Library   
---------------------------

> No NEW files in this area

-----------------------
   ZCAT disk library   
-----------------------

> No NEW files in this area

-------------------------
   Zsystem Users Group   
-------------------------

> No NEW files in this area

-------------------------------
   FOG Executive vols 1 to 9   
-------------------------------

> No NEW files in this area

-----------------------------------------
   SIG/M disk Library. Volumes 1 to 50   
-----------------------------------------

> No NEW files in this area

-------------------------------------------
   SIG/M disk library. Volumes 51 to 100   
-------------------------------------------

> No NEW files in this area

--------------------------------------------
   SIG/M disk Library. Volumes 101 to 150   
--------------------------------------------

> No NEW files in this area

--------------------------------------------
   SIG/M disk Library. Volumes 151 to 200   
--------------------------------------------

> No NEW files in this area

--------------------------------------------
   SIG/M disk Library. Volumes 201 to 250   
--------------------------------------------

> No NEW files in this area

--------------------------------------------
   SIG/M disk Library. Volumes 251 to 300   
--------------------------------------------

> No NEW files in this area

--------------------------------------
   EP/Macpaint Picture Files A to E   
--------------------------------------

> No NEW files in this area

--------------------------------------
   EP/Macpaint Picture Files F to M   
--------------------------------------

> No NEW files in this area

--------------------------------------
   EP/Macpaint Picture Files N to Z   
--------------------------------------

> No NEW files in this area

------------------------------------------------------------
   Rude EP/Macpaint Picture Files (Members over 18 only!)   
------------------------------------------------------------

> No NEW files in this area

----------------------------
   CP/M System Boot Disks   
----------------------------

> No NEW files in this area

----------------------------------------------------------
   Files that are stored offline (due to lack of space)   
----------------------------------------------------------

> No NEW files in this area

-------------------------------------------------------------------------------
  Total number of files =     9             Total number of bytes =    591047  
                                                                               
    Compiled with AvaiList 1.60 - Copyright (c) 1988-1990 Andrew D. Farmer.    
-------------------------------------------------------------------------------
