Quick reference list of SIMTEL20's PD1:<MSDOS.x> directories
as of December 12, 1991 (where 'x' is one of the names below):

4DOS          CROSSASM      HANDICAP      OPUS          STARLINK
ABC           CROSSREF      HEBREW        PACKET        STARTER
ADA           DATABASE      HYPERTEXT     PASCAL        STATISTICS
AIJOURNAL     DBASE         INFO          PC-JR         SURFMODL
ALLCHARGE     DDJMAG        INSIDE-TP     PCMAG         SWAP
APL           DESKACCESS    IRIT          PCPURSUIT     SYSUTL
ARC-LBR       DESKJET       KA9Q-TCPIP    PCRESOURCE    TAGBBS
ASM-MAG       DESKPUB       KERMIT        PCTECH        TAXES
ASMUTL        DESQVIEW      KEYBOARD      PCTECHNIQUES  TELIX
AT            DIRUTL        LAN           PERL          TEX
AUTOCAD       DISASM        LANTIMES      PGMUTL        TIFF
AWK           DSKUTL        LAPTOP        PIBTERM       TROJAN-PRO
BASIC         EDITOR        LASER         PILOT         TURBO-C
BATUTL        EDUCATION     LEGAL         PLI           TURBOBAS
BBS           EEL           LINGUISTICS   PLOT          TURBOPAS
BBSDOORS      EGA           LISP          POSTSCRIPT    TXTUTL
BBSLISTS      EMULATORS     LOGO          PREPROCESS    UEMACS
BIBLE         FIDO          LOTUS123      PRINTER       UUCP
BOOKS         FILEDOCS      MAC           PROCOMM       VENTURA
BORLAND       FILUTL        MAPPING       PRODIGY       VGA
C             FINANCE       MATH          PROGJOURN     VOICE
CAD           FLOWCHART     MAX           PROLOG        VOICEMAIL
CALCULATOR    FORMGEN       MENU          QBASIC        WAFFLE
CASE          FORTH         MICROCORN     QEDIT         WINDOWS3
CATALOG       FORTRAN       MICROSOFT     QMODEM        WORDPERF
CIS           FOSSIL        MODEM         QPASCAL       WORLDMAP
CITADEL       FREEMACS      MODULA2       RAMDISK       X-10
CLIPPER       GENEALOGY     MORMON        RBBS-PC       XLISP
CMPLNGMAG     GENIE         MOUSE         SCREEN        ZIP
CMU-PCIP      GIF           MSJOURNAL     SMALL-C       ZMODEM
COBOL         GIFNEWS       MSWINDOWS     SMALLTALK     ZOO
COMPATIBLES   GNUISH        MUSIC         SNOBOL4       
COMPRESS      GRAPH         NCSATELNET    SOUND         
COMPUTE-PC    GRAPHICS      NETWORK       SPREADSHEET   
CPLUSPLUS     HAMRADIO      NEURAL-NETS   SPRINT        

See PD1:<MSDOS.FILEDOCS>AAAREAD.ME for details on
file directories and descriptions.

Keith Petersen
Maintainer of the MSDOS, MISC and CP/M archives at SIMTEL20 [192.88.110.20]
Internet: w8sdz@WSMR-SIMTEL20.Army.Mil    or     w8sdz@vela.acs.oakland.edu
Uucp: uunet!wsmr-simtel20.army.mil!w8sdz              BITNET: w8sdz@OAKLAND
