MDM7xx Overlay list as of 05/11/86

       Rev. 2.9    Dennis Recla

Locate your computer system in the list to find the proper overlay
to use with the various versions of MDM7xx.

                        MDM7xx Overlay Name
==========================================================================
Preferred Vers.		 Computer Description	        Output Device
-------------------------------------------------------------------------- 
M7SS11-1.ASM		Advanced Digital Super Sixer
M7ALSPA .ASM 		Alspa Z-NET Computer
M7ABC-1 .ASM		Archives Business Computer
M7AC+4  .ASM		AppleCat II Overlay
M7ACE-1 .ASM		Franklin ACE Overlay
M7AD-1  .ASM		ADDS Multivision overlay
M7AJ-1  .ASM		Apple J-Cat Overlay
M7AL5-2 .ASM		Altos Series 5 Overlay
M7AL8-1 .ASM		Altos Series 8000 Overlay
M7AM-1  .ASM		Apple W/MTN. Comp. CPS
M7AP-6  .ASM		Apple II overlay
M7AQ-6  .ASM		Apple with MicroModem II (MDM740)
M7ATR-2 .ASM		ATR8000 CP/M Interface for Atari
M7AX-2  .ASM		ACTRIX computer port J-5		SIO
M7MM+4  .ASM		Apple with MicroModem II
M7LB-3  .ASM		Ampro Little Board			DART
M7BT-1  .ASM		Beehive TOPPER I  Computer		DART
M7BT2-2 .ASM		Beehive TOPPER II Computer		DART
M7B2-1  .ASM		Bondwell 2 CP/M portable
MDM712BB.ASM		Big Board I				SIO
M7C3-2  .ASM		CP/M 3.0 AUX DEV  Overlay
M7CD-2  .ASM		Cromemco TUART @50 hex			TUART
M7COL-1 .ASM		Colonial Computer System		SIO
M7-2710 .ASM     	Calif. Comp. 2710 board		 	8250
M7-2719 .ASM 		Calif. Comp. 2719 board			SIO
M7-2830 .ASM		Calif. Comp. 2830 dart board		DART
M7DB-1  .ASM		Dynabyte Serial port 1
M7DM-1  .ASM		Dynabyte Monarch
M7DP-1  .ASM		DataPoint 1560 Overlay
M7DU-1  .ASM		Durango series ovelay
M7EP-2  .ASM		Epson QX-10 overlay
M7QX@3  .ASM		Epson QX-10 & VLADOCS 1.1
M7EGL-1 .ASM		Eagle II and III overlay		SIO
M7FT-1  .ASM		Facit DTC-6500 Computer			SIO
M7GP-1  .ASM		General Purpose overlay
M7H8-6  .ASM		Heath/Zenith 89 overlay			8250
M7H82661.ASM		Heath/Zenith 89 with 2661		2661
M7HP-1  .ASM		Hewlett Packard 125
M7HZ-1  .ASM		Heath/Zenith 100 overlay 		2661
M7IB7000.ASM		Ibex Mdl 7000,7001,7101 With 8251       8251
M7IB7XXX.ASM		Ibex Mdl 7102 With Z80-SIO		SIO
M7IM-1  .ASM		IMS 5000 series W/440 I/O Board
M7IM-2  .ASM		IMS 5000 series W/862 I/O Board
M7IM480 .ASM		IMS 5000 series W/480 I/O Board
M7IN-3  .ASM		Interfacer 3/4 overlay			SIO
M7ISB-1 .ASM   		Intertec Super Brain Overlay
M7KP-2  .ASM		Kaypro overlay				SIO
M7JE-1  .ASM		Jonas Escort Overlay
M7L0-2  .ASM		Lobo Max-80 overlay
M7MAX-1 .ASM		Maxicom with AP board
M7/DL-1 .ASM		Maxicom DL
M7MD-1  .ASM		Morrow MD I & II overlay		8251
M7MD11  .ASM		Morrow MD 11 overlay
M7MDX-2 .ASM		Mostek MDX-SIO  STD board		SIO
M7MFIO-2.ASM		Electrologics MFIO Board
MDM7MIO .ASM		Intersystems MIO board @80hex
M7MM-1  .ASM		Morrow Multi I/O overlay
M7MOL-2 .ASM		Molecular Super Micro
M7NA-3  .ASM		North Star Advantage overlay
M7NC-1  .ASM		NCR Decision Mate V overlay
M7NE-1  .ASM		NEC PC-8001 overlay
M7NH-2  .ASM		North Star Horizon w/HSIO-4  		HSIO
M7NS-2  .ASM	   	North Star Horizon port B
M7NSP-1 .ASM		National Semi. Starplex
MDM7NT  .ASM		Northern Telecom system
M7-SCAT .ASM		Novation SMART CAT overlay
M7OA-1  .ASM		Otrona Attache overlay
M7OS-2  .ASM		Osborne overlay ext. modem
M7OS-1NE.ASM		with Nuevo Eq. 80 Col. card
M7OSCP-5.ASM		Osborne with Internal modem
M7OSVX-1.ASM		Osborne VIXEN (MDM740 only)
M7OX-1  .ASM		Osborne Executive overlay		SIO
M7P1-1  .ASM		PMC Micromate 101
M7PC-1  .ASM		IBM with Baby Blue Z-80
M7PM-1  .ASM		PMMI S-100 Overlay
M7PP-2  .ASM		Pied Piper Overlay	
MDM7QUAY.ASM		Quay Series
M7SO-1  .ASM		Sony SMC-70 Computer
M7R1-3  .ASM		TRS-80 Model I
M7R2-2  .ASM		TRS-80 Model II				SIO
M7R3-1  .ASM		TRS-80 Model III
M7R4-7  .ASM		TRS-80 Model IV 
M7RSCP+ .ASM		TRS-80 Model IV CP/M+
M7RV-2  .ASM	  	Racal Vadic VA212PA & 3451
M7SBC-1 .ASM		Superbrain Compustar overlay
M7SD-1  .ASM		SD Systems SD200
MDM7SOL .ASM		Processor Tech. SOL overlay
M7SSM-2 .ASM		SSM I/O Board Overlay
M7SY-3  .ASM		Sanyo MBC-1000 Overlay			8251
M7S1-1  .ASM		Sanyo MBC-1100 overlay			8251
M7TT-2  .ASM		Teletek Systemaster S.B.C.
M7TV-9  .ASM		Televideo TS-802 & 803 overlay
M7US-2  .ASM		U.S. Robotics S-100 board
M7VG-1  .ASM		Vector Graphics 3 & 4
M7VI-2  .ASM		Visual 1050 Computer			8251
M7VIO-2 .ASM		Ithaca VIO board w/2651			2651
M7VT-5  .ASM		DEC Vt-180/Rainbow overlay
M7XE-1  .ASM		Xerox 820 overlay			SIO
M7XSMB-1.ASM		Xitan SMB board w/6850			6850
M7ZB-2  .ASM		Telcon Zorba overlay

* New with this update

The overlay file on the left is the prefered version for the various MDM7
overlays.  Usually the difference means the the SET command is active and
will allow for changing the Baud rate from the modem program and not have
to use an external 'SETUP' programs.

Be sure that when you use DDT to overlay the proper HEX file on the various
MDM7xx.COM programs that you SAVE the proper amount of Memory to the .COM
file.  As MDM7xx has grown the SAVE size has also increased, so don't use
the SAVE size in the overlay unless you are using it on the the identified
MDM7xx program.  Best bet is to use MLOAD.COM and not worry about how much
to save.     
                    Good luck with your overlay..

If there are any NEW computer or S-100 board MDM7xx overlays not on this
list please upload them to my LOST ISLAND RCP/M-RBBS system. I keep this
complete list of overlays on-line for those who might be searching for
new overlays as I find or create them for those 'Weird' systems.  Call the
LOST ISLAND anytime between 7:30am and 11:00pm CST.  After 5:00pm if you
get no answer or disconnected, call back in 5 minutes for a second try.

Dennis Recla
