
PCPI Applicard Files on GEnie                     Bill Tishey, 12/07/88

 No.  File Name             Type Uploader     YYMMDD  Bytes  Access Lib
----- ------------------------ - ------------ ------ ------- ------ ---
  350 MXO-AP31.AQM             X W8SDZ        860106   32760     15  35
      Desc: MEX overlay - Apple2 MtnHdw or PCPI
  351 MXO-AP50.AQM             X W8SDZ        860106   22680     27  35
      Desc: MEX overlay-Apple2E, PCPI, SS card
 2257 B5AA-3.IQS               X ENGLAND      860910    5040     18  35
      Desc: BYE5 insert for Apple/Applicard/SSC
 2842 PCPICOLR.LBR             X JIMLILL      861215    7560     13  35
      Desc: color for Apple PCPI card
 2849 MXH-AP53.AZM             X JIMLILL      861216   12600      5  35
      Desc: MEX overlay for Apple PCPI SSC
 3097 PCPISCR2.LBR             X W8SDZ        870109   18900      7  36
      Desc: PCPI BackGrounder ii screen driver
 3293 PCPIBOOT.AQM             X W8SDZ        870126    2520      5  35
      Desc: Customize Applicard boot message
 3366 PCPI6502.MZP             X JIMLILL      870206    1260     15  35
      Desc: 6502 memory map for apple with PCPI
 3367 PCPIZ3V2.MZP             X JIMLILL      870206    1260     15  35
      Desc: Z80 memory map for Applicard/ZCPR3
 3369 PCPIBOOT.AZM             X JIMLILL      870206    2520      3  35
      Desc: patch for Applicard boot msg
 3370 PCPIDVR4.LZT             X JIMLILL      870206    2520     15  35
      Desc: list of known Applicard Drivers
 3371 PCPIVERS.AZM             X JIMLILL      870206    3780      3  35
      Desc: Versacard support for Applicard
 3372 PCPI-SIO.LBR             X JIMLILL      870206   32760      5  35
      Desc: support for Applicard Z80-SIO card
 3374 PCPI-XY.BZS              X JIMLILL      870206    2520      6  35
      Desc: VTAB and HTAB for PCPI w/MBASIC
 3375 PCPI-MON.LBR             X JIMLILL      870206    6300     12  35
      Desc: 6502 monitor calls from PCPI CP/M
 3376 PCPIBDOS.MZC             X JIMLILL      870206    2520     13  35
      Desc: bdos patch for Applicard
 3377 PCPIGPRT.LBR             X JIMLILL      870206    7560      9  35
      Desc: use applicard game port as SIO
 3378 PCPI-RAM.LBR             X JIMLILL      870206    3780     16  35
      Desc: ramdisk for PCPI and //e (built-in)
 3382 PCPI-M80.INF             X JIMLILL      870207    1260      9  35
      Desc: patch to ALDS M80 for Applicard
 3385 PCPI/SRC.LBR             X JIMLILL      870208   60480     22  35
      Desc: sources for Applicard ZCPR3
 3386 PCPIRCP2.LBR             X JIMLILL      870208   12600     21  35
      Desc: alternate RCP for Applicard ZCPR3
 3387 PCPIBAUD.LBR             X JIMLILL      870208   15120      9  35
      Desc: set baud on Applicard/Super Serial
 3507 CATPCPI.HZX              X JIMLILL      870224   22680      1  35
      Desc: Modem9.09 for PCPI/Apple-Cat
 3518 PCPIGRFX.LBR             X JIMLILL      870226   52920     15  35
      Desc: Graphics for the Applicard
 3527 PCPI/IOB.IZF             X JIMLILL      870227    2520     12  35
      Desc: IOBYTE info for Applicard
 3544 PCPIFST4.IZF             X JIMLILL      870228    3780      6  35
      Desc: Speed-up for Applicard & Ram Extend
 3556 PCPISTUF.LBR             X JIMLILL      870301    8820      3  35
      Desc: Pascal Routines for Applicard
 3558 PCPI/Z3.LBR              X JIMLILL      870301   69300     30  35
      Desc: ZCPR3 for PCPI Applicard
 3561 PCPIZ3AS.AZM             X JIMLILL      870301    5040      6  35
      Desc: Applicard ZCPR3 AUTOST.COM upgrade
 3641 PCPIZRDS.LBR             X JIMLILL      870314   16380      3  35
      Desc: ZRDOS for Applicard
 3651 PCPICALC.RCP             X JIMLILL      870315    2520      3  35
      Desc: CALRCP11 ready-to-run for Applicard
 3667 PCPIZBUS.IZF             X JIMLILL      870316    1260     22  35
      Desc: Applicard Z80 pin-out and Port Info
 3725 PCPINSC1.LBR             X JIMLILL      870321   15120     17  35
      Desc: Apple //e, Applicard, NoSlotClock
 3790 PCPIDB11.CZD             X JIMLILL      870404    3780      4  35
      Desc: dBase DATE.CMD Applicard NoSlotClock
 3816 PCPIUNI.LBR              X JIMLILL      870407   25200     24  35
      Desc: Applicard .DVR for UDC and 3.5/800K
 3823 PCPIFLSH.LBR             X JIMLILL      870409   13860      5  35
      Desc: Applicard DVR for Synetix Flashcard
 3824 PCPI01.NZT               X JIMLILL      870409    6300     21  35
      Desc: Random notes on the Applicard
 3830 PCPI/PDA.LBR             X JIMLILL      870413   16380      1  35
      Desc: Applicard/Pure Data Serial Card
 3941 PCPISSCX.LBR             X JIMLILL      870426   18900      3  35
      Desc: Applicard/SuperSer/MEX experiment
 3949 PCPIPM10.ZZ0             X JIMLILL      870429    5040      2  35
      Desc: PoorManNetwork driver for Applicard
 3972 MEX-AP54.HEX             X JIMLILL      870502   65520     25  35
      Desc: ready-to-run MEX for PCPI (HEX file)
 3983 PCPI/UG.INF              X JIMLILL      870504    3780     16  35
      Desc: a proposal for an Applicard UG
 3987 PCPIRNG1.LBR             X JIMLILL      870505    6300     24  35
      Desc: Ringbuffer Driver Applicard/SSC
 3989 MXH-AP55.AZM             X JIMLILL      870505   13860     23  35
      Desc: MEX for Applicard w/Ring Buffer 
 4004 PCPIPM11.ZZ0             X HEYNNEMAN    870509    5040     17  35
      Desc: Applicard/Poor Man's Network driver
 4005 PCPI-RTC.LBR             X JIMLILL      870509   23940     11  35
      Desc: RTC for Applicard using CTC
 4023 PCPISCI.DVR              X HEYNNEMAN    870509    1260     10  35
      Desc: Applicard/SSC Interrupt Driver
 4037 PCPITRAP.RZP             X JIMLILL      870522    2520      3  35
      Desc: SLTRAP.RCP for Applicard
 4110 PCPI/Z33.LBR             X JIMLILL      870601   13860     25  35
      Desc: ZCPR3.3 CPR's for Applicard
 4138 PCPIRC33.LBR             X JIMLILL      870604   10080     15  35
      Desc: ZCPR3.3 RCP for PCPI Applicard
 4206 I2AV-1.AZM               X W8SDZ        870606    8820      5  35
      Desc: IMP Overlay - Apple PCPI Applicard
 4217 PCPIFC33.LBR             X JIMLILL      870606    3780     18  35
      Desc: ZCPR3.3 FCP for PCPI Applicard
 4223 PCPILIST.LZT             X HEYNEMMAN    870607    2520     17  35
      Desc: List of PCPI software on GENIE
 4228 PCPIFILE.LZT             X JIMLILL      870608   10080     24  35
      Desc: Applicard files w/long description
 4353 AP40TRK.LBR              X JIMLILL      870704   15120     15  35
      Desc: 40 tracks for Apple w/Applicard
 4395 PCPI/UG.1Z1              X JIMLILL      870713    2520     25  35
      Desc: Applicard Newsletter #101 (#1)
 4426 PCPIDBII.FIX             X PHY          870719    2520     12  35
      Desc: Fixes DBII and Applicard problem
 4431 PCPIMMII.LBR             X JIMLILL      870720    3780      4  35
      Desc: Applicard/MicroModem II setup
 4451 PCPIGRF2.LBR             X JIMLILL      870726   61740     12  35
      Desc: Applicard DHR Graphics, v2  
 4461 QUIETRAM.DVR             X JIMLILL      870727    2520      9  35
      Desc: 59k ramdisk .DVR for Applicard IIe
 4540 PCPIGRLR.LBR             X JIMLILL      870810    3780      9  35
      Desc: Applicard/Grappler 8th-bit Driver
 4551 PCPI/UG.1Z2              X JIMLILL      870812    2520     20  35
      Desc: Applicard Newsletter #102
 4701 PCPITIME.LBR             X JIMLILL      870830    3780      6  35
      Desc: PCPI/DS1216E/Turbo Modula-2 support
 4709 PCPIGRU1.LBR             X JIMLILL      870928    2520      8  35
      Desc: Graphics utility for PCPIGRF2
 4725 PCPICLK3.LBR             X JIMLILL      870903   20160      9  35
      Desc: Full-screen clock for Applicard
 4786 PCPI-WS4.AZM             X JIMLILL      870910    1260     18  35
      Desc: Applicard/WordStar 4.0 patch
 4787 PCPIFST5.IZF             X JIMLILL      870910    5040     18  35
      Desc: Applicard speed-up info
 4815 PCPIFAST.CZM             X JIMLILL      870917   15120      7  35
      Desc: Speed tester for Applicard
 4832 PCPIDHRY.LBR             X JIMLILL      870919   23940      8  35
      Desc: Dhrystone test for Applicard
 5132 CONTUR11.LBR             X JIMLILL      871116   35280      7  35
      Desc: Graphics for Applicard and IIe
 5201 PCPIULTR.LBR             X JIMLILL      871129   13860      5  35
      Desc: Applicard/Ultraterm ideas
 5217 PCPI-UG.1Z4              X JIMLILL      871202    2520     28  35
      Desc: Applicard UG Newsletter #104
 5277 PCPIZRDS.NZT             X R.PRESSWOOD  871214    2520      7  35
      Desc: Applicard/ZRDOS patch
 5339 PCPIXFER.LBR             X HEYNEMMAN    871227    6300     12  35
      Desc: Transfer between PCPI CP/M and DOS3.3
 5438 PCPIBYE1.LBR             X JIMLILL      880115   17640     11  35
      Desc: Applicard Super Serial BYE/KMD
 5642 PCPIDVR6.LZT             X WATISHE/LILL 880209    2520     14  35
      Desc: List of Applicard drivers
 5746 PCPIAS12.AZM             X JIMLILL      880301    6300     15  35
      Desc: Applicard/Z3/Wordstar 4.0 fix
 6128 PCPICLK2.LBR             X STEVE.HIRSCH 880605   13860      7  35
      Desc: DateStamper support w/ PCPI card
 6358 X10OVR15.AZM             X HEYNNEMAN    880824    3780      7  35
      Desc: Apple/PCPI overlay for X10V43.LBR
