BOSKUG ACTIVIST DIRECTORY
=============================

DIRECTOR             Lee Lockwood        965-6343   1:00 - 9:00 PM

Co-Director          Bob Waters          894-5334   eves, wknds

General Info         Michael Bartell     628-8806   

Bulletin Board       288-6477            24 hrs
Sysop                Don Hinds           825-2116    eves
Newsletter           John Goldie         535-0731


CP/M SUB-GROUP

Directors            Jay Sage            965-3552   eves, wknds
                     John DeMeritt       484-1863     "     "

Technical Questions  Bob Freed           332-3533
Osborne Questions    John DeMeritt       484-1863
ZCPR Questions       Jay Sage            965-3552
Public Domain        Dave Veinot         641-0889 
                     Larry Schnitger     


MS-DOS SUB-GROUP

Director             Michael Spampinato  923-9513    eves, wknds
                    
Public Domain Lib    Jim Byram           732-2011
Telecommunications   Michael Bartell     628-8806 
Training             Michael Spampinato  923-9513
=

DIRECTOR             Lee Lockwood        965-6343   1:00 - 9:00 PM
