\beehive
\beehive\basic
\beehive\bbs
\beehive\comms
\beehive\compress
\beehive\cpmforth
\beehive\crr
\beehive\games
\beehive\midi
\beehive\myz80
\beehive\os
\beehive\program
\beehive\teseract
\beehive\text
\beehive\utilitys
\beehive\zcat
\beehive\zcat\zipfiles
\beehive\zsus
\commodor
\cpm
\cpm\22rsx
\cpm\6502
\cpm\amethyst
\cpm\ampro
\cpm\atari
\cpm\aztec-c
\cpm\basic
\cpm\bbsing\bbs
\cpm\bbsing\bbslists
\cpm\bbsing\hbbs
\cpm\bbsing\mbbs
\cpm\bbsing\pbbs
\cpm\bbsing\rbbs
\cpm\bdos
\cpm\bdsc\bdsc-1
\cpm\bdsc\bdsc-2
\cpm\bdsc\bdsc-3
\cpm\bdsc\bdsc-4
\cpm\bondwell
\cpm\bstam
\cpm\bye3
\cpm\bye5
\cpm\c128
\cpm\c64
\cpm\c80
\cpm\catlog
\cpm\cb80
\cpm\cbios
\cpm\ccp
\cpm\cis
\cpm\comal
\cpm\cpm3
\cpm\cpm68k
\cpm\cpm86
\cpm\cpr86
\cpm\cug
\cpm\database
\cpm\dbaseii
\cpm\debug
\cpm\disasm
\cpm\draco
\cpm\editc80
\cpm\editor
\cpm\educatin
\cpm\epson
\cpm\forth-83
\cpm\genasm
\cpm\gencom
\cpm\gendoc
\cpm\graphics
\cpm\hamming
\cpm\hamradio
\cpm\heath
\cpm\hitech-c
\cpm\imp
\cpm\kermit
\cpm\languags\c
\cpm\languags\cobol
\cpm\languags\fortran
\cpm\languags\modula2
\cpm\languags\pascal
\cpm\languags\pascal-p
\cpm\languags\pilot80
\cpm\languags\prolog
\cpm\languags\xlisp
\cpm\maclib
\cpm\math
\cpm\memtest
\cpm\mex
\cpm\misc
\cpm\misc\finance
\cpm\modems\modem
\cpm\modems\modem2
\cpm\modems\modem7
\cpm\modems\xmodem
\cpm\modems\zmodem
\cpm\msoft
\cpm\news
\cpm\nstar
\cpm\nubye
\cpm\packet
\cpm\parasol
\cpm\pcpursut
\cpm\pmnetwrk
\cpm\programs\bkgrondr
\cpm\programs\calcultr
\cpm\programs\clockk
\cpm\programs\list
\cpm\programs\ppspell
\cpm\programs\sort
\cpm\programs\spell
\cpm\programs\spredsht
\cpm\programs\voice
\cpm\programs\wstar
\cpm\pubpatch
\cpm\qterm
\cpm\rcpm
\cpm\rcpm\filedocs
\cpm\ros
\cpm\sb180
\cpm\screngen
\cpm\smallc21
\cpm\startkit
\cpm\submit
\cpm\term
\cpm\trs-80
\cpm\turbods
\cpm\turbodsg
\cpm\turbom2
\cpm\turbopas
\cpm\turbopas\tp\utl2
\cpm\turbopas\tp\utl3
\cpm\utils\arc-lbr
\cpm\utils\asmutl
\cpm\utils\datestmp
\cpm\utils\dirutl
\cpm\utils\dskbuf
\cpm\utils\dskutl
\cpm\utils\filcpy
\cpm\utils\filutl
\cpm\utils\hdutl
\cpm\utils\squsq
\cpm\utils\sysutl
\cpm\utils\txtutl
\cpm\utils\zip
\cpm\uucp
\cpm\uzi
\cpm\vdoedit
\cpm\vis1050
\cpm\xccp
\cpm\xerox
\cpm\z280
\cpm\z8edebug
\cpm\zcpr
\cpm\zcpr2
\cpm\zcpr33
\cpm\zcpr33\a-r
\cpm\zcpr33\s-z
\cpm\zcpr33\tcj
\cpm\zcpr33\z3-33
\cpm\zcprnews
\cpmhelp
\cpminfo
\demon
\demon\amstrad
\emulator\msdos
\emulator\os2
\emulator\unix\cain1
\emulator\unix\cain2
\emulator\unix\z80pack
\emulator\unix\z80pack\cpmsim
\emulator\unix\z80pack\cpmsim\disks
\emulator\unix\z80pack\cpmsim\srccpm
\emulator\unix\z80pack\cpmsim\srcsim
\emulator\unix\z80pack\z80asm
\emulator\unix\z80pack\z80sim
\emulator\unix\z80pack\z80src
\enterprs\c128
\enterprs\c128\b2util
\enterprs\c128\bbs
\enterprs\c128\games
\enterprs\c128\gfx
\enterprs\c128\music
\enterprs\c128\terms
\enterprs\c128\text
\enterprs\c128\util
\enterprs\c64
\enterprs\c64\ahoy
\enterprs\c64\b1game
\enterprs\c64\b2util
\enterprs\c64\bbs
\enterprs\c64\games
\enterprs\c64\gazette
\enterprs\c64\geos
\enterprs\c64\gfx
\enterprs\c64\loadstar
\enterprs\cpm\cpmug\catalog
\enterprs\cpm\cpmug\directry
\enterprs\cpm\game
\enterprs\cpm\sigm
\enterprs\cpm\terms
\enterprs\cpm\text
\enterprs\cpm\utils\a
\enterprs\cpm\utils\f
\enterprs\cpm\utils\s
\fog\fogdos
\fog\foghelp
\fog\foghorn
\fog\foglight
\fog\fogpcomp
\fog\fogscan
\fog\fogstart
\fog\starter
\jsage\znode3
\jsage\znode3\ampro
\jsage\znode3\asm
\jsage\znode3\bg
\jsage\znode3\editors
\jsage\znode3\info
\jsage\znode3\latest
\jsage\znode3\modem
\jsage\znode3\novados
\jsage\znode3\nzcom
\jsage\znode3\tcj
\jsage\znode3\turbo
\jsage\znode3\uploads
\jsage\znode3\util
\jsage\znode3\z3doc
\jsage\znode3\z3lib
\jsage\znode3\z3new
\jsage\znode3\z3shell
\jsage\znode3\z3sys
\jsage\znode3\z3tips
\jsage\znode3\z3util
\jsage\znode3\z80dos
\jsage\znode3\zcpr33
\jsage\znode3\zrdos
\jsage\zsus
\jsage\zsus\cat
\jsage\zsus\lbr
\jsage\zsus\progpack
\jsage\zsus\subscrip
\jsage\zsus\tcj
\jsage\zsus\wordpack
\jsage\zsus\z3com
\jsage\zsus\z3help
\kaypro
\kildall
\mbug
\lambda
\lambda\misc
\lambda\soundpot
\lambda\soundpot\a
\lambda\soundpot\f
\lambda\soundpot\p
\lambda\utils
\osborne
\simtel\archives\amethyst
\simtel\archives\cpm
\simtel\archives\northstr
\simtel\cpmug
\simtel\emacs
\simtel\emacs\bin
\simtel\emacs\src
\simtel\hitech-c
\simtel\hz100
\simtel\hz100\a-l
\simtel\hz100\m-z
\simtel\hz100\zll
\simtel\sigm
\simtel\sigm\vols000\vol000
\simtel\sigm\vols000\vol001
\simtel\sigm\vols000\vol002
\simtel\sigm\vols000\vol003
\simtel\sigm\vols000\vol004
\simtel\sigm\vols000\vol005
\simtel\sigm\vols000\vol006
\simtel\sigm\vols000\vol007
\simtel\sigm\vols000\vol008
\simtel\sigm\vols000\vol009
\simtel\sigm\vols000\vol010
\simtel\sigm\vols000\vol011
\simtel\sigm\vols000\vol012
\simtel\sigm\vols000\vol013
\simtel\sigm\vols000\vol014
\simtel\sigm\vols000\vol015
\simtel\sigm\vols000\vol016
\simtel\sigm\vols000\vol017
\simtel\sigm\vols000\vol018
\simtel\sigm\vols000\vol019
\simtel\sigm\vols000\vol020
\simtel\sigm\vols000\vol021
\simtel\sigm\vols000\vol022
\simtel\sigm\vols000\vol023
\simtel\sigm\vols000\vol024
\simtel\sigm\vols000\vol025
\simtel\sigm\vols000\vol026
\simtel\sigm\vols000\vol027
\simtel\sigm\vols000\vol028
\simtel\sigm\vols000\vol029
\simtel\sigm\vols000\vol030
\simtel\sigm\vols000\vol031
\simtel\sigm\vols000\vol032
\simtel\sigm\vols000\vol033
\simtel\sigm\vols000\vol034
\simtel\sigm\vols000\vol035
\simtel\sigm\vols000\vol036
\simtel\sigm\vols000\vol037
\simtel\sigm\vols000\vol038
\simtel\sigm\vols000\vol039
\simtel\sigm\vols000\vol040
\simtel\sigm\vols000\vol041
\simtel\sigm\vols000\vol042
\simtel\sigm\vols000\vol043
\simtel\sigm\vols000\vol044
\simtel\sigm\vols000\vol045
\simtel\sigm\vols000\vol046
\simtel\sigm\vols000\vol047
\simtel\sigm\vols000\vol048
\simtel\sigm\vols000\vol049
\simtel\sigm\vols000\vol050
\simtel\sigm\vols000\vol051
\simtel\sigm\vols000\vol052
\simtel\sigm\vols000\vol053
\simtel\sigm\vols000\vol054
\simtel\sigm\vols000\vol055
\simtel\sigm\vols000\vol056
\simtel\sigm\vols000\vol057
\simtel\sigm\vols000\vol058
\simtel\sigm\vols000\vol059
\simtel\sigm\vols000\vol060
\simtel\sigm\vols000\vol061
\simtel\sigm\vols000\vol062
\simtel\sigm\vols000\vol063
\simtel\sigm\vols000\vol064
\simtel\sigm\vols000\vol065
\simtel\sigm\vols000\vol066
\simtel\sigm\vols000\vol067
\simtel\sigm\vols000\vol068
\simtel\sigm\vols000\vol069
\simtel\sigm\vols000\vol070
\simtel\sigm\vols000\vol071
\simtel\sigm\vols000\vol072
\simtel\sigm\vols000\vol073
\simtel\sigm\vols000\vol074
\simtel\sigm\vols000\vol075
\simtel\sigm\vols000\vol076
\simtel\sigm\vols000\vol077
\simtel\sigm\vols000\vol078
\simtel\sigm\vols000\vol079
\simtel\sigm\vols000\vol080
\simtel\sigm\vols000\vol081
\simtel\sigm\vols000\vol082
\simtel\sigm\vols000\vol083
\simtel\sigm\vols000\vol084
\simtel\sigm\vols000\vol085
\simtel\sigm\vols000\vol086
\simtel\sigm\vols000\vol087
\simtel\sigm\vols000\vol088
\simtel\sigm\vols000\vol089
\simtel\sigm\vols000\vol090
\simtel\sigm\vols000\vol091
\simtel\sigm\vols000\vol092
\simtel\sigm\vols000\vol093
\simtel\sigm\vols000\vol094
\simtel\sigm\vols000\vol095
\simtel\sigm\vols000\vol095\rez7
\simtel\sigm\vols000\vol096
\simtel\sigm\vols000\vol097
\simtel\sigm\vols000\vol098
\simtel\sigm\vols000\vol099
\simtel\sigm\vols100\vol100
\simtel\sigm\vols100\vol101
\simtel\sigm\vols100\vol102
\simtel\sigm\vols100\vol103
\simtel\sigm\vols100\vol104
\simtel\sigm\vols100\vol105
\simtel\sigm\vols100\vol106
\simtel\sigm\vols100\vol107
\simtel\sigm\vols100\vol108
\simtel\sigm\vols100\vol109
\simtel\sigm\vols100\vol110
\simtel\sigm\vols100\vol111
\simtel\sigm\vols100\vol112
\simtel\sigm\vols100\vol113
\simtel\sigm\vols100\vol114
\simtel\sigm\vols100\vol115
\simtel\sigm\vols100\vol116
\simtel\sigm\vols100\vol117
\simtel\sigm\vols100\vol118
\simtel\sigm\vols100\vol119
\simtel\sigm\vols100\vol120
\simtel\sigm\vols100\vol121
\simtel\sigm\vols100\vol122
\simtel\sigm\vols100\vol123
\simtel\sigm\vols100\vol124
\simtel\sigm\vols100\vol125
\simtel\sigm\vols100\vol126
\simtel\sigm\vols100\vol127
\simtel\sigm\vols100\vol128
\simtel\sigm\vols100\vol129
\simtel\sigm\vols100\vol130
\simtel\sigm\vols100\vol131
\simtel\sigm\vols100\vol132
\simtel\sigm\vols100\vol133
\simtel\sigm\vols100\vol134
\simtel\sigm\vols100\vol135
\simtel\sigm\vols100\vol136
\simtel\sigm\vols100\vol137
\simtel\sigm\vols100\vol138
\simtel\sigm\vols100\vol139
\simtel\sigm\vols100\vol140
\simtel\sigm\vols100\vol141
\simtel\sigm\vols100\vol142
\simtel\sigm\vols100\vol143
\simtel\sigm\vols100\vol144
\simtel\sigm\vols100\vol145
\simtel\sigm\vols100\vol146
\simtel\sigm\vols100\vol147
\simtel\sigm\vols100\vol148
\simtel\sigm\vols100\vol149
\simtel\sigm\vols100\vol150
\simtel\sigm\vols100\vol151
\simtel\sigm\vols100\vol152
\simtel\sigm\vols100\vol153
\simtel\sigm\vols100\vol154
\simtel\sigm\vols100\vol155
\simtel\sigm\vols100\vol155\adbug
\simtel\sigm\vols100\vol155\add
\simtel\sigm\vols100\vol155\form
\simtel\sigm\vols100\vol155\list
\simtel\sigm\vols100\vol155\mail
\simtel\sigm\vols100\vol156
\simtel\sigm\vols100\vol157
\simtel\sigm\vols100\vol158
\simtel\sigm\vols100\vol159
\simtel\sigm\vols100\vol160
\simtel\sigm\vols100\vol161
\simtel\sigm\vols100\vol162
\simtel\sigm\vols100\vol163
\simtel\sigm\vols100\vol164
\simtel\sigm\vols100\vol165
\simtel\sigm\vols100\vol166
\simtel\sigm\vols100\vol167
\simtel\sigm\vols100\vol168
\simtel\sigm\vols100\vol169
\simtel\sigm\vols100\vol170
\simtel\sigm\vols100\vol171
\simtel\sigm\vols100\vol172
\simtel\sigm\vols100\vol173
\simtel\sigm\vols100\vol174
\simtel\sigm\vols100\vol175
\simtel\sigm\vols100\vol176
\simtel\sigm\vols100\vol177
\simtel\sigm\vols100\vol178
\simtel\sigm\vols100\vol179
\simtel\sigm\vols100\vol180
\simtel\sigm\vols100\vol181
\simtel\sigm\vols100\vol182
\simtel\sigm\vols100\vol183
\simtel\sigm\vols100\vol193
\simtel\sigm\vols100\vol194
\simtel\sigm\vols100\vol195
\simtel\sigm\vols100\vol195\fluf11
\simtel\sigm\vols100\vol195\simp12
\simtel\sigm\vols100\vol196
\simtel\sigm\vols100\vol197
\simtel\sigm\vols100\vol198
\simtel\sigm\vols100\vol199
\simtel\sigm\vols200\vol200
\simtel\sigm\vols200\vol201
\simtel\sigm\vols200\vol202
\simtel\sigm\vols200\vol203
\simtel\sigm\vols200\vol204
\simtel\sigm\vols200\vol205
\simtel\sigm\vols200\vol206
\simtel\sigm\vols200\vol207
\simtel\sigm\vols200\vol208
\simtel\sigm\vols200\vol209
\simtel\sigm\vols200\vol210
\simtel\sigm\vols200\vol211
\simtel\sigm\vols200\vol212
\simtel\sigm\vols200\vol213
\simtel\sigm\vols200\vol214
\simtel\sigm\vols200\vol215
\simtel\sigm\vols200\vol216
\simtel\sigm\vols200\vol217
\simtel\sigm\vols200\vol218
\simtel\sigm\vols200\vol219
\simtel\sigm\vols200\vol220
\simtel\sigm\vols200\vol221
\simtel\sigm\vols200\vol222
\simtel\sigm\vols200\vol223
\simtel\sigm\vols200\vol224
\simtel\sigm\vols200\vol225
\simtel\sigm\vols200\vol226
\simtel\sigm\vols200\vol227
\simtel\sigm\vols200\vol228
\simtel\sigm\vols200\vol229
\simtel\sigm\vols200\vol230
\simtel\sigm\vols200\vol231
\simtel\sigm\vols200\vol232
\simtel\sigm\vols200\vol233
\simtel\sigm\vols200\vol234
\simtel\sigm\vols200\vol235
\simtel\sigm\vols200\vol236
\simtel\sigm\vols200\vol237
\simtel\sigm\vols200\vol238
\simtel\sigm\vols200\vol239
\simtel\sigm\vols200\vol240
\simtel\sigm\vols200\vol241
\simtel\sigm\vols200\vol242
\simtel\sigm\vols200\vol243
\simtel\sigm\vols200\vol244
\simtel\sigm\vols200\vol245
\simtel\sigm\vols200\vol246
\simtel\sigm\vols200\vol247
\simtel\sigm\vols200\vol248
\simtel\sigm\vols200\vol249
\simtel\sigm\vols200\vol250
\simtel\sigm\vols200\vol251
\simtel\sigm\vols200\vol252
\simtel\sigm\vols200\vol253
\simtel\sigm\vols200\vol254
\simtel\sigm\vols200\vol255
\simtel\sigm\vols200\vol256
\simtel\sigm\vols200\vol257
\simtel\sigm\vols200\vol258
\simtel\sigm\vols200\vol259
\simtel\sigm\vols200\vol260
\simtel\sigm\vols200\vol261
\simtel\sigm\vols200\vol262
\simtel\sigm\vols200\vol263
\simtel\sigm\vols200\vol264
\simtel\sigm\vols200\vol265
\simtel\sigm\vols200\vol266
\simtel\sigm\vols200\vol267
\simtel\sigm\vols200\vol268
\simtel\sigm\vols200\vol269
\simtel\sigm\vols200\vol270
\simtel\sigm\vols200\vol271
\simtel\sigm\vols200\vol272
\simtel\sigm\vols200\vol273
\simtel\sigm\vols200\vol274
\simtel\sigm\vols200\vol275
\simtel\sigm\vols200\vol276
\simtel\sigm\vols200\vol277
\simtel\sigm\vols200\vol278
\simtel\sigm\vols200\vol279
\simtel\sigm\vols200\vol280
\simtel\sigm\vols200\vol281
\simtel\sigm\vols200\vol282
\simtel\sigm\vols200\vol283
\simtel\sigm\vols200\vol284
\simtel\sigm\vols200\vol285
\simtel\sigm\vols200\vol286
\simtel\sigm\vols200\vol287
\simtel\sigm\vols200\vol288
\simtel\sigm\vols200\vol289
\simtel\sigm\vols200\vol290
\simtel\sigm\vols200\vol291
\simtel\sigm\vols200\vol292
\simtel\sigm\vols200\vol293
\simtel\sigm\vols200\vol294
\simtel\sigm\vols200\vol295
\simtel\sigm\vols200\vol296
\simtel\sigm\vols200\vol297
\simtel\sigm\vols200\vol298
\simtel\sigm\vols200\vol299
\simtel\sigm\vols300\vol300
\simtel\sigm\vols300\vol301
\simtel\sigm\vols300\vol302
\simtel\sigm\vols300\vol303
\simtel\sigm\vols300\vol304
\simtel\sigm\vols300\vol305
\simtel\sigm\vols300\vol306
\simtel\sigm\vols300\vol307
\simtel\sigm\vols300\vol308
\simtel\sigm\vols300\vol309
\simtel\sigm\vols300\vol310
\starlet
\starlet\genienec
\utils
\utils\22disk
\utils\cpm
\utils\cpm86
\utils\dos
\utils\squeeze
\zsys\simtel20
\zsys\simtel20\doc
\zsys\simtel20\install
\zsys\simtel20\syslib
\zsys\simtel20\vlib
\zsys\simtel20\z-news
\zsys\simtel20\z3lib
\zsys\simtel20\zcpr3
\zsys\simtel20\zsig
\zsys\znode-12
\zsys\znode-12\a
\zsys\znode-12\i
\zsys\znode-12\s
\zsys\zsysark
